
> ikey-landing@0.0.0 build
> vite build

[36mvite v7.2.4 [32mbuilding client environment for production...[36m[39m
transforming...
node.exe : [baseline-brows
er-mapping] The data in 
this module is over two 
months old.  To ensure 
accurate Baseline data, 
please update: `npm i base
line-browser-mapping@lates
t -D`
At line:1 char:1
+ & "C:\Program 
Files\nodejs/node.exe" 
"C:\Program 
Files\nodejs/node_mo ...
+ ~~~~~~~~~~~~~~~~~~~~~~~~
~~~~~~~~~~~~~~~~~~~~~~~~~~
~~~~~~~~~~~~~~~~~~~
    + CategoryInfo        
      : NotSpecified: ([  
  baseline-brows...ping   
 @latest -D`:String) [    
], RemoteException
    + FullyQualifiedError 
   Id : NativeCommandErr  
  or
 
[32mΓ£ô[39m 139 modules transformed.
[31mΓ£ù[39m Build 
failed in 1.98s
[31merror during build:
[31m[vite:load-fallback] 
Could not load C:\Users\Wa
r_Room\Documents\GitHub\ro
ffr-final\src/sections/gro
upBuySections/WhatCommunit
ySection.vue (imported by 
src/views/GroupBuyView.vue
): ENOENT: no such file 
or directory, open 'C:\Use
rs\War_Room\Documents\GitH
ub\roffr-final\src\section
s\groupBuySections\WhatCom
munitySection.vue'[31m
    at async open (node:in
ternal/fs/promises:642:25)
    at async 
Object.readFile (node:inte
rnal/fs/promises:1279:14)
    at async 
Object.handler (file:///C:
/Users/War_Room/Documents/
GitHub/roffr-final/node_mo
dules/vite/dist/node/chunk
s/config.js:33817:21)
    at async PluginDriver.
hookFirstAndGetPlugin (fil
e:///C:/Users/War_Room/Doc
uments/GitHub/roffr-final/
node_modules/rollup/dist/e
s/shared/node-entry.js:223
33:28)
    at async file:///C:/Us
ers/War_Room/Documents/Git
Hub/roffr-final/node_modul
es/rollup/dist/es/shared/n
ode-entry.js:21333:33
    at async Queue.work (f
ile:///C:/Users/War_Room/D
ocuments/GitHub/roffr-fina
l/node_modules/rollup/dist
/es/shared/node-entry.js:2
2561:32)[39m
